// Jest Snapshot v1, https://goo.gl/fbAQLP

exports[`Button is rendered correctly 1`] = `
<button
  className="sc-bdVaJa dfapiH"
  disabled={false}
  onClick={[Function]}
  size="regular"
  type="primary"
>
  TEST BUTTON
</button>
`;
