// Jest Snapshot v1, https://goo.gl/fbAQLP

exports[`NotFound is rendered correctly 1`] = `
<div>
  Ooops! The page you requested was not found...
</div>
`;
