// Jest Snapshot v1, https://goo.gl/fbAQLP

exports[`App is rendered correctly 1`] = `
<main
  className="sc-VigVT ckauSh"
>
  <header
    className="sc-bdVaJa bDWFJH"
  >
    <h1
      className="sc-bwzfXH irJftg"
    >
      HOME
    </h1>
  </header>
  <div
    className="sc-htpNat fxlWKx"
  />
  <button
    className="sc-bxivhb jEswXB"
    disabled={false}
    onClick={[Function]}
    size="regular"
    type="secondary"
  >
    Load More
  </button>
</main>
`;
