// Jest Snapshot v1, https://goo.gl/fbAQLP

exports[`SectionHeader is rendered correctly 1`] = `
<header
  className="sc-bdVaJa bDWFJH"
>
  <h1
    className="sc-bwzfXH jcLPZV"
  >
    TEST_SECTION
  </h1>
</header>
`;
